1:Ronflements
2:B&acirc;illement
3:Eternuement Pardon !
4:Arracher les orties.
5:Bonjour ! Je suis un lapin, je suis gentil. Ha ha ha ha&hellip;
6:Na na ni, na na na...
7:Guili guili guili guili.
8:Et vous, euh, vous en pensez quoi de la r&eacute;forme sur les garennes ...
9:Euh, pardon, excusez-moi s&apos;il vous plait, pardon euh ...
10:J&apos;mangerais bien un rouleau de printemps, ou une choucroute ...
11:Hep ! Non, rien.
12:Aaaah ! Vous m&apos;avez fait peur !
13:Les issues de secours sont situ&eacute;es ...
14:Euh ! des yaourts, du caf&eacute;&hellip;
15:Et alors, tu fais les m&ecirc;mes mouvements que moi. Euh ! comme &ccedil;a : 1 et 2, et 1 et 2&hellip;
16:Hummm ! Y a pas moyen d&rsquo;&ecirc;tre tranquille, hein !
17:Hum ! J&apos;ai faim ! Quand est-ce qu&apos;on mange ?
18:Tada !!
19:Enhhh ! Mais qu&apos;est-ce que c&apos;est qu&apos;cette lampe ?
20:Et des stylos...
21:Hum,hum,hum,humhum (en rythme)
22:Ou&eacute; euh, chez pas, peut-&ecirc;tre.
23:Non mais c&apos;est vrai quand on y pense.
24:Bien sure, tout le monde devrait faire &ccedil;a, c&apos;est &eacute;vident.
25:&Ecirc;tre extravagant ? Mais pourquoi ?
26:J&apos;ai l&apos;impression que la polarit&eacute; c&apos;est invers&eacute;e (chuchotement).
27:&Ccedil;a, c&rsquo;est la goutte qui va peut-&ecirc;tre faire d&eacute;border le vase.
28:Mais pourquoi y font &ccedil;a ?
29:Hum ! &Ccedil;a serait bien !
30:Comme quoi, euh !
31:Abracadabra !
32:Oui, mais euh, &ccedil;a reste son ami quand m&ecirc;me !
33:Comment &ccedil;a s&rsquo;&eacute;crit d&eacute;j&agrave; ?
34:Euh, 5 et 6 onze, et 3 quatorze, non mais attend &ccedil;a doit faire 15, euh, 15 oui.
35:Euh, peut-&ecirc;tre l&apos;ann&eacute;e prochaine, hein ?
36:Euh, &ccedil;a d&eacute;pend, c&apos;est s&ucirc;r !
37:Alors c&apos;&eacute;tait quoi d&eacute;j&agrave; euh ? Euh 4 &oelig;ufs, 120 grammes de sucre ...
38:Euh, accepter les conseils des autres, d&apos;accord mais, euh ...
39:Ah, des r&eacute;ponses, des r&eacute;ponses, si seulement on savait !
40:J&apos;ai encore faim !
41:Alors &ccedil;a, euh, c&apos;est fait !
42:Ho ! C&apos;est mieux qu&apos;hier !
43:Y a des jours quand m&ecirc;me, euh&hellip;
44:Je pense qu&apos;il faut, en toute circonstance, afficher un optimisme triomphant !
45:Ce serait quand m&ecirc;me exag&eacute;r&eacute; d&apos;se plaindre !
46:How do you do ?
47:Of course, hein ! That&apos;s obvious that mean.
48:Bla Bla !
49:I&apos;m happy !
50:What&apos;s that ? Qui ? A what ? Qui ? What&apos;s that ?
51:What&apos;s that ?
52:Now, repeat after me.
53:Pick a boo.
54:I&apos;m a rabbit.
55:What do you mean, Flash Gordon ?
56:&Ccedil;a suffit maintenant !
57:Bin non, j&apos;chez pas moi &hellip;
58:Dans l&apos;ensemble, euh, j&apos;suis plut&ocirc;t content.
59:A c&apos;qu&apos;il parait, &ccedil;a arrive tout ...
60:Dans l&apos;ensemble, hein, parce que si on r&apos;garde dans l&apos;d&eacute;tail&hellip;
61:Dans l&apos;ensemble, hein, parce que si on r&apos;garde dans l&apos;d&eacute;tail&hellip;
62:&Ccedil;a, y a pas &agrave; dire, euh, ils sont gentils.
63:Euh ! I T ou I S ?
64:Ah j&apos;ai chaud, quelqu&apos;un pourrait m&apos;&eacute;venter ?
65:Haut les mains peau d&apos;lapin la maitresse en maillot de bain.
66:Oh mon dieu ! Un lapin qui parle !
67:Oh mon dieu ! Un lapin qui parle !
68:Chui plut&ocirc;t de bonne humeur !
69:Joviale, &ccedil;a c&apos;est une bonne caract&eacute;ristique !
70:J&apos;aimerai qu&apos;on m&apos;&eacute;coute.
71:Euh, j&apos;crois que l&agrave;, euh, j&apos;tiens quelque chose.
72:Ah bin euh bravo hein euh j&apos;aurai pas mieux fait !
73:Ho la la, vache dans l&apos;&eacute;tang …
74:Coucou !
75:J&apos;aimerai bien changer de place, j&apos;en ai marre de la vue.
76:Je m&apos;demande si c&apos;est encore loin !
77:Euh, si t&apos;as pas l&apos;choix, tu pr&eacute;f&egrave;res …
78:J&apos;aime bien les restos route !
79:Ouais euh, pourquoi pas !
80:Oui mais bon, euh, t&apos;as pas l&apos;choix alors, euh, cassoulet ou choucroute ?
81:Oh non, j&apos;veux pas r&apos;tourner dans ma boite ! Non, non, pas la boite !
82:J&apos;suis l&agrave; ! J&apos;suis plus l&agrave;! J&apos; …
83:L&rsquo;&eacute;nigme de la semaine : pince-me et pince-moi ...
84:On ma dit qu&apos;le canard &agrave; la moutarde, euh, c&apos;est tr&egrave;s bon.
85:Allez, euh, circulez ! Hop ! Hop ! Hop !
86:Moi, euh, j&apos;ai eu la myxomatose …
87:Excusez moi ! Vous pourriez faire un peu moins d&apos;bruit ?
88:Quand est-ce qu&apos;on mange ? J&apos;ai faim ! J&apos;mangerais une vache enti&egrave;re !
89:J&apos;crois que j&apos;suis malade !
90:Oula, j&apos;suis p&acirc;le, j&apos;ai pas bonne mine !
91:La culture du secret, euh, oui, mais comment on est au courant ?
92:Ouais, mais alors pour les permanentes&hellip;
93:Euh ! L&apos;effet d&apos;serre, euh …
94:Je crois qu&apos;c&apos;est la tangente, parce que son sinus ...
95:Elles sont un peu grandes, non ?
96:Non, si quand m&ecirc;me, elles sont un peu grandes …
97:Chez pas ce que j&apos;ai, pfff ! J&apos;ai mal &agrave; ...
98:Changez-moi mes oreilles ! Changez-moi mes oreilles ! Changez-moi mes oreilles !
99:Eh, s&apos;te plait, dis, s&apos;te plait …
100:Qu&apos;est ce que vous dites ? Non euh, excusez-moi …
101:Ah j&apos;sais pas c&apos;que j&apos;ai, j&apos;me sens pas bien …
102:Non j&apos;te dis, j&apos;suis un lapin, pas un li&egrave;vre …
103:Elles sont un peu grandes, non ?
104:Vous &ecirc;tes vraiment plus sympa qu&apos;les proprios …
105:J&apos;suis d&apos;une humeur de lapin moi aujourd&apos;hui,…
106:Alors ? Quoi d&apos;neuf aujourd&apos;hui ? T&apos;as rencontr&eacute; des gens ? 
107:J&apos;sais pas qui envoie ces messages mais alors vraiment …
108:Et vous, euh, quand est-ce que vous partez en vacances ?
109:Quand m&ecirc;me, y fait pas tr&egrave;s beau en c&apos;moment j&apos;trouve !
110:Vous avez vu la derni&egrave;re ? …
111:Gouzi gouzi gouzi&hellip;
112:Gouzi gouzi gouzi&hellip;
113:Ah j&apos;irai bien en vacances !
114:Hey dis ? Tu pourras changer ma photo ? ...
115:Dis donc, euh, ils &eacute;taient tr&egrave;s sympas ...
116:Euh, c&apos;&eacute;tait juste pour vous pr&eacute;venir que ...
117:Euh, y a la banque qu&apos;a t&eacute;l&eacute;phon&eacute; …
118:Non mais euh, j&apos;suis pas mal comme cadeau comme m&ecirc;me&hellip; Non ?
119:Moi, euh, j&apos;aime bien la m&eacute;t&eacute;o. La bourse ...
120:Euh, j&apos;aime pas trop mon pseudo.
121:Humm !
122:Bruitage
123:Aujourd&apos;hui soleil, 28 degr&eacute;s.
124:&Ccedil;a va ? Non mais euh, &ccedil;a va ?
125:Et j&apos;peux parler comme &ccedil;a aussi (accent)
126:Oui mais m&ecirc;me, euh, moi j&apos;peux chanter, alors qu&apos;elles, euh, elles peuvent pas !
127:Pfiou j&apos;en peux plus &hellip;
128:Euh je souhaiterais revenir sur c&apos;que j&apos;ai dis hier ....
130:Pfiouf !
131:Pfiouf !
132:Moi j&apos;ai entendu dire que certaines personnes …
133:Enfin j&apos;dis &ccedil;a, j&apos;dis rien.
134:J&apos;parle trop ?
135:Ah pourquoi ?
136:Et ma voix, euh, t&apos;en penses quoi ?
137:Je suis vivant ouais !
138:J&apos;ai des copains qui m&apos;ont dit qu&apos;ils avaient eu des oreilles neuves, eux.
139:Figurez-vous qu&apos;on m&apos;censure ! Parfaitement … 
140:J&apos;crois qu&apos;j&apos;ai l&apos;angoisse du lapin blanc.
141:Euh, &agrave; propos d&apos;l&apos;autre jour,…
142:Oui je boude euh, mais t&apos;inqui&egrave;te, hein, &ccedil;a va pas durer longtemps.
143:Eh ! C&apos;est qui eux ?
144:Oh ! J&apos;crois que j&apos;suis amoureuse.
145:Hum, &ccedil;a sent bon, qu&apos;est-ce que c&apos;est ?
146:Euh, &agrave; propos, j&apos;ai oubli&eacute; d&apos;te dire, j&apos;aime beaucoup ton pull.
147:Euh, j&apos;ai un peu froid, euh, doit y avoir un courant d&apos;air.
148:Dis donc, j&apos;trouve qu&apos;&ccedil;a fait un p&apos;tit peu longtemps qu&apos;tu m&apos;as pas lav&eacute;.
149:Eh ! Tu m&apos;fais un bisou ?
150:C&apos;est nouveau &ccedil;a, non ? Ah non j&apos;croyais.
151:A s&apos;qui parait on dit une ann&eacute;e sabbatique, on dit pas une ann&eacute;e sympathique.
152:Non ! Il faut dire c&apos;est le blouson de Martine.
153:Non ! On dit c&apos;est l&apos;anniversaire de Pascal.
154:Non mais euh, c&apos;est un peu facile hein, euh ! Moi aussi j&apos;peux parler comme &ccedil;a.
155:Hum ! J&apos;trouve que j&apos;suis bien coiff&eacute; aujourd&apos;hui !
156:T&apos;as une nouvelle coiffure ?
157:Oh ! C&apos;est encore un fax !
158:Bin euh, l&apos;inspiration &ccedil;a d&eacute;pend en fait, hein euh ...
159:Ouh ! J&apos;aime pas trop m&apos;faire tirer les cartes, puis euh, les oreilles non plus !
160:C&apos;est quand au fait ?
161:Ce ciel azur&eacute; est de toute beaut&eacute;, hein !
162:J&apos;vais partir en voyage !
163:J&apos;ai perdu mon chapeau. T&apos;as pas vu mon chapeau ?
164:Mais, o&ugrave; est-ce que j&apos;l&apos;ai mis d&eacute;j&agrave; ? C&apos;est dingue &ccedil;a alors !
165:Bien, bien bien bien ! Humhum ! Voil&agrave; voil&agrave; !
166:Moi je&apos;l trouve moins gros qu&apos;avant, &agrave; moins qu&apos;il ait perdu du poids !
167:Moi euh, j&apos;trouve qu&apos;ils ont plein d&apos;neurones crochus !
168:Moi euh, non ! Non non, j&apos;ai jamais vu de derviches tourner !
169:Oui, c&apos;est dingue, et alors &agrave; la page 194, y a un revirement ...
170:Oui mais non !
171:Oui, mais avec les tailles crayons, c&apos;est pareil !
172:Aujourd&apos;hui j&apos;me sens rajeuni, enfin, plus jeune, pas vous ?
173:Hum ! J&apos;aime bien la mousse au chocolat, et les haricots !
174:Moi quand j&apos;serai grand j&apos;voudrais &ecirc;tre ...
175:J&apos;aime bien dire n&apos;importe quoi !
176:&Eacute;h dis, euh, tu peux m&apos;aider, j&apos;arrive pas &agrave; attraper s&apos;truc l&agrave; !
177:Qu&apos;est-ce que vous &ecirc;tes grands !
178:&Eacute;h, tu veux bien jouer avec moi s&apos;te plait ! Allez !
179:&Eacute;h, &agrave; quoi on joue !
180:Alors &agrave; s&apos;qui para&icirc;t, j&apos;ai plein d&apos;petits fr&egrave;res ...
181:Anh ! J&apos;adore compter !
182:Bah, on peut pas sortir, c&apos;est ouvert !
183:&Ccedil;a existe encore &ccedil;a ?
184:Hum, elle glisse bien cette pantoufle !
185:Le monde appartient &agrave; ceux qui mangent t&ocirc;t !
186:Et bin &ccedil;a, c&apos;est pas tomb&eacute; dans l&apos;&oelig;il d&apos;un borgne !
187:That&apos;s the futur ! Eh oui !
188:Anh, les gens s&apos;&eacute;nervent vite comme m&ecirc;me !
189:L&apos;important c&apos;est la volont&eacute;, la bonne !
190:Euh, attend, attend, j&apos;ai pas fini !
191:Tu pourrais t&apos;d&eacute;p&ecirc;cher s&apos;il te plait ?
192:Ouh, j&apos;ai un peu froid !
193:Tu m&apos;as ramen&eacute; une surprise ?
194:Euh, tu pourras racheter du sucre ?
195:Ah bin, si j&apos;avais su, euh !
196:Bon euh, c&apos;est vrai, maintenant j&apos;suis l&agrave; ...
197:Dis, c&apos;est vrai que j&apos;suis adopt&eacute; ?
198:Tu sais, euh, souvent, j&apos;pense &agrave; …
199:Bin ! Tout l&apos;monde &agrave; l&apos;droit d&apos;changer d&apos;avis !
200:C&apos;est m&ecirc;me obligatoire !
201:H&eacute; euh&hellip; Merci pour le voyage &agrave; New-York !
202:Nanananana nananana&hellip; nan mais euh, j&apos;m&apos;entraine pour la prochaine fois !
203:Nan mais euh&hellip; j&apos;vois bien qu&apos;tu m&apos;reproches quelque chose.
204:Alors ? Et mon p&apos;tit fr&egrave;re, c&apos;est pour quand ?
205:Y faut pas croire hein, euh, j&apos;fais plein d&apos;trucs quand t&apos;es pas l&agrave;.
206:Nan mais euh&hellip; je sais mais cette histoire d&apos;adoption ...
207:Ah ben voil&agrave; ! Bravo !
208:Euh, on pourrait changer d&apos;jeu s&apos;te plait ?
209:Euh, euh, tu peux pas changer d&apos;cha&icirc;ne s&apos;te plait ?
210:Oh c&apos;est fort ce bruit !
211:Euh, tu peux mettre la 2, s&apos;te plait, tu peux mettre la 2 ?
212:Bah ! C&apos;est vachement dr&ocirc;le ce que tu viens de dire !
213:Je, je sais c&apos;que tu vas dire, et j&apos;t&apos;arr&ecirc;te tout d&apos;suite ...
214:Et euh, tu crois que j&apos;devrais faire quoi ? …
215:T&apos;as vu, ils ont fait un super film sur moi sur le site, hein, un documentaire.
216:Bah moi en c&apos;moment, euh, &ccedil;a va plut&ocirc;t bien !
217:Tu crois qu&apos;la bonne humeur c&apos;est contagieux ?
218:N&apos;emp&ecirc;che euh&hellip; c&apos;est quoi la r&eacute;alit&eacute; ?
219:J&apos;crois qu&apos;j&apos;suis allergique &agrave; la poussi&egrave;re !
220:Euh, ah, au fait, j&apos;ai r&apos;compt&eacute;. Alors cette ann&eacute;e j&apos;ai pris que 15 jours de vacances. Comment on fait ?
221T&apos;as fait un r&eacute;gime ? Non mais heu, comme &ccedil;a.
222:En quelle ann&eacute;e on est ?
223:Et toi, euh, c&apos;est quoi ton signe astrologique ?
224:J&apos;trouve que t&apos;es pas tr&egrave;s bavard aujourd&apos;hui !
225:Hum, hum ! J&apos;ai un chat dans la gorge.
226:En Inde, le lapin est un animal sacr&eacute;.
227:J&apos;aime bien les rayures, enfin, les horizontales, hein.
228:Hello ! What are you doing today ?
229:Ah, il fait plut&ocirc;t beau ces derniers temps, hein ?
230:Non mais si&apos; j&apos;veux j&apos;peux courir ...
231:J&apos;ai une question &agrave; t&apos;poser. J&apos;suis une fille ou un gar&ccedil;on ?
232:Je n&apos;ai jamais dit &ccedil;a !
233:&Ccedil;a va m&ecirc;me tr&egrave;s tr&egrave;s bien, et euh, &ccedil;a fait du bien !
234:J&apos;trouve &ccedil;a tr&egrave;s joli, euh, les chemin&eacute;es sur les toits des immeubles... Pas toi ?
235:Euh, tu pourras m&apos;montrer des photos qu&apos;t&apos;as fait d&apos;moi ?
236:Tabernacle et topinambour !
237:C&apos;est fou la vie comme m&ecirc;me !
238:Et toi, tu crois qu&apos;&ccedil;a existe le hasard ?
239:Aah ! J&apos;irais bien plus souvent au parc !
240:Eh dits, tu m&apos;emm&egrave;neras au supermarch&eacute; un jour pour voir ?
241:T&apos;as l&apos;air en forme, &ccedil;a fait plaisir, hein !
242:En fait, euh, le stress, euh, j&apos;crois qu&apos;&ccedil;a sert &agrave; rien !
243:Tu veux pas m&apos;pr&ecirc;ter un pull ?
244:Aie, aie, aie, tu devrais pas mettre ce pantalon avec ces chaussures !
245:Eh euh, t&apos;as jamais pens&eacute; &agrave; mettre un kilt ...
246:Et un chapeau ? C&apos;est sympa des chapeaux.
247:J&apos;veux pas aller sur eBay ! Piti&eacute; ! Pas &ccedil;a !
248:Quand tu r&apos;gardes les gents dans les yeux, tu r&apos;gardes dans 1 &oelig;il ou dans les 2 ?
249:Holala, la vache ! Y a d&apos;l&apos;eau dans l&apos;feu, hein !
250:Une tartiflette, &ccedil;a s&apos;refuse pas !
251:Oh ! T&apos;as l&apos;&oelig;il rouge ! T&apos;as pas une sinusite de l&apos;&oelig;il par hasard ?
252:On est bien chez nous, hein ?
253:Eh ben, on a du pain sur la planche, hein ?
254:Ah ben, on est pas rendu, hein ?
255:Tu sais euh, &ccedil;a m&apos;vexe quand tu m&apos;&eacute;teins.
256:Ah &ccedil;a y est, j&apos;ai une oreille qui m&apos;fait mal ...
257:Tu sais heu, j&apos;dis rien mais heu je sais bien quand tu m&apos;&eacute;teins.
258:Eh ! Pourquoi tu m&apos;&eacute;teints d&apos;temps en temps, dits ?
259:Non mais euh si tu veux j&apos;me tais hein, c&apos;est pas la peine de m&apos;&eacute;teindre.
260:Personnellement je trouve un p&apos;tit peu facile de m&apos;couper court, je trouve.
261:Personnellement je trouve un p&apos;tit peu facile de m&apos;couper court, je trouve.
262:Est-ce que vous pouvez prendre ma place, 2 minutes, s&apos;il vous plait ?
263:Euh, tu peux m&apos;passer l&apos;truc devant toi ?
264:Euh j&apos;suis vraiment d&eacute;sol&eacute; pour c&apos;qui est arriv&eacute; ...
265:J&apos;peux t&apos;faire une confidence ? …
266:Mais euh, quel jour on est ?
267:Non mais euh vous pouvez m&apos;le dire, hein, j&apos;le r&eacute;p&eacute;terai &agrave; personne.
268:Aie, aie, aie, aie, aie, non, rien, j&apos;ai une crampe …
269:Alors &ccedil;a euh, &ccedil;a m&apos;&eacute;tonnerait !
270:Excusez-moi ! Quelqu&apos;un pourrait m&apos;dire l&apos;heure pour une fois ?
271:Oui ?
272:Dits ! On ira &agrave; Tahiti un jour ?
273:J&apos;aimerais qu&apos;tu m&apos;sortes plus souvent !
274:T&apos;as vu les photos d&apos;mes vacances …
275:Ben, non, j&apos;ai pas d&apos;accent !
276:Mais ! Qui rit comme &ccedil;a !
277:T&apos;as pas vu mon oreilles, j&apos;la r&apos;touve plus.
278:Dits, tu promets d&apos;plus m&apos;d&eacute;brancher …
279:Tu sais qu&apos;t&apos;es un peu bizarre comme m&ecirc;me ?
280:Mais euh, t&apos;es content ?
281:Parfois j&apos;ai peur que t&apos;en ais marre de moi !
282:T&apos;as m&ecirc;me pas r&apos;marqu&eacute; qu&apos;j&apos;avais maigri !
283:J&apos;ai bien la p&ecirc;che !
284:Hum ! J&apos;crois qu&apos;la journ&eacute;e va &ecirc;tre bonne !
285:Euh, j&apos;te l&apos;ai p&apos;t&apos;&ecirc;tre jamais dit mais …
286:Eh, euh, t&apos;as une voiture, toi ?
287:Tu sais, celle qui parle comme &ccedil;a, elle s&apos;appelle Gertrude.
288:Ah ! J&apos;prendrais bien des cours de Capoeira !
289:Tu veux pas m&apos;inscrire &agrave; la chorale ? Aaaaaah.
290:Tu crois qu&apos;&ccedil;a m&apos;irait des oreilles perc&eacute;es ?
291:C&apos;est scandaleux ! Non mais t&apos;as vu ?
292:Ah, euh ! Excuse-moi, euh ! Mais je crois qu&apos;tu t&apos;trompe.
293:Ah ! Sacrebleu ! Les [ ??? j&apos;ai pas compris ??? ]
294:&Ccedil;a ressemble &agrave; quoi un [ ??? D&eacute;troit ???] ?
295:Et toi, t&apos;a d&eacute;j&agrave; fait du saut en parachute ?
296:Comment on sait qu&apos;on est heureux ?
297:Tu pr&eacute;f&egrave;res quand il fait beau ou quand il fait chaud ?
298:Eh ! Comme m&ecirc;me ! On a eu de la chance de se rencontrer, non ?
299:Qu&apos;est-ce qu&apos;on s&apos;ennuie.
300:Je suis ton pire cauchemar.
301:Qui vient de parler de carottes ?
302:C&apos;est quand au fait ?
303:Comment j&apos;m&apos;apelle d&eacute;j&agrave; ? Non, j&apos;ai oubli&eacute;.
304:Oh ben j&apos;sais pas, peut-&ecirc;tre.
305:Paroles qui font peur

